src/App.tsx(9,54): error TS6133: 'Plus' is declared but its value is never read.
